execve("./donut", ["./donut"], 0x7fff05f095f0 /* 80 vars */) = 0
brk(NULL)                               = 0x556adf74d000
access("/etc/ld.so.preload", R_OK)      = -1 ENOENT (No such file or directory)
openat(AT_FDCWD, "/opt/cuda/lib64/glibc-hwcaps/x86-64-v3/libstdc++.so.6", O_RDONLY|O_CLOEXEC) = -1 ENOENT (No such file or directory)
newfstatat(AT_FDCWD, "/opt/cuda/lib64/glibc-hwcaps/x86-64-v3/", 0x7ffc00cc3850, 0) = -1 ENOENT (No such file or directory)
openat(AT_FDCWD, "/opt/cuda/lib64/glibc-hwcaps/x86-64-v2/libstdc++.so.6", O_RDONLY|O_CLOEXEC) = -1 ENOENT (No such file or directory)
newfstatat(AT_FDCWD, "/opt/cuda/lib64/glibc-hwcaps/x86-64-v2/", 0x7ffc00cc3850, 0) = -1 ENOENT (No such file or directory)
openat(AT_FDCWD, "/opt/cuda/lib64/libstdc++.so.6", O_RDONLY|O_CLOEXEC) = -1 ENOENT (No such file or directory)
newfstatat(AT_FDCWD, "/opt/cuda/lib64/", {st_mode=S_IFDIR|0755, st_size=4096, ...}, 0) = 0
openat(AT_FDCWD, "/etc/ld.so.cache", O_RDONLY|O_CLOEXEC) = 3
fstat(3, {st_mode=S_IFREG|0644, st_size=173579, ...}) = 0
mmap(NULL, 173579, PROT_READ, MAP_PRIVATE, 3, 0) = 0x7fe933273000
close(3)                                = 0
mmap(NULL, 8192, PROT_READ|PROT_WRITE, MAP_PRIVATE|MAP_ANONYMOUS, -1, 0) = 0x7fe933271000
openat(AT_FDCWD, "/usr/lib/libstdc++.so.6", O_RDONLY|O_CLOEXEC) = 3
read(3, "\177ELF\2\1\1\3\0\0\0\0\0\0\0\0\3\0>\0\1\0\0\0\0\0\0\0\0\0\0\0"..., 832) = 832
fstat(3, {st_mode=S_IFREG|0755, st_size=2685904, ...}) = 0
mmap(NULL, 2699336, PROT_READ, MAP_PRIVATE|MAP_DENYWRITE, 3, 0) = 0x7fe932e00000
mmap(0x7fe932e97000, 1396736, PROT_READ|PROT_EXEC, MAP_PRIVATE|MAP_FIXED|MAP_DENYWRITE, 3, 0x97000) = 0x7fe932e97000
mmap(0x7fe932fec000, 598016, PROT_READ, MAP_PRIVATE|MAP_FIXED|MAP_DENYWRITE, 3, 0x1ec000) = 0x7fe932fec000
mmap(0x7fe93307e000, 73728, PROT_READ|PROT_WRITE, MAP_PRIVATE|MAP_FIXED|MAP_DENYWRITE, 3, 0x27e000) = 0x7fe93307e000
mmap(0x7fe933090000, 12360, PROT_READ|PROT_WRITE, MAP_PRIVATE|MAP_FIXED|MAP_ANONYMOUS, -1, 0) = 0x7fe933090000
close(3)                                = 0
openat(AT_FDCWD, "/opt/cuda/lib64/libm.so.6", O_RDONLY|O_CLOEXEC) = -1 ENOENT (No such file or directory)
openat(AT_FDCWD, "/usr/lib/libm.so.6", O_RDONLY|O_CLOEXEC) = 3
read(3, "\177ELF\2\1\1\3\0\0\0\0\0\0\0\0\3\0>\0\1\0\0\0\0\0\0\0\0\0\0\0"..., 832) = 832
fstat(3, {st_mode=S_IFREG|0755, st_size=1165864, ...}) = 0
mmap(NULL, 1167688, PROT_READ, MAP_PRIVATE|MAP_DENYWRITE, 3, 0) = 0x7fe933153000
mmap(0x7fe933163000, 618496, PROT_READ|PROT_EXEC, MAP_PRIVATE|MAP_FIXED|MAP_DENYWRITE, 3, 0x10000) = 0x7fe933163000
mmap(0x7fe9331fa000, 479232, PROT_READ, MAP_PRIVATE|MAP_FIXED|MAP_DENYWRITE, 3, 0xa7000) = 0x7fe9331fa000
mmap(0x7fe93326f000, 8192, PROT_READ|PROT_WRITE, MAP_PRIVATE|MAP_FIXED|MAP_DENYWRITE, 3, 0x11b000) = 0x7fe93326f000
close(3)                                = 0
openat(AT_FDCWD, "/opt/cuda/lib64/libgcc_s.so.1", O_RDONLY|O_CLOEXEC) = -1 ENOENT (No such file or directory)
openat(AT_FDCWD, "/usr/lib/libgcc_s.so.1", O_RDONLY|O_CLOEXEC) = 3
read(3, "\177ELF\2\1\1\0\0\0\0\0\0\0\0\0\3\0>\0\1\0\0\0\0\0\0\0\0\0\0\0"..., 832) = 832
fstat(3, {st_mode=S_IFREG|0644, st_size=178416, ...}) = 0
mmap(NULL, 180712, PROT_READ, MAP_PRIVATE|MAP_DENYWRITE, 3, 0) = 0x7fe933126000
mmap(0x7fe93312a000, 143360, PROT_READ|PROT_EXEC, MAP_PRIVATE|MAP_FIXED|MAP_DENYWRITE, 3, 0x4000) = 0x7fe93312a000
mmap(0x7fe93314d000, 16384, PROT_READ, MAP_PRIVATE|MAP_FIXED|MAP_DENYWRITE, 3, 0x27000) = 0x7fe93314d000
mmap(0x7fe933151000, 8192, PROT_READ|PROT_WRITE, MAP_PRIVATE|MAP_FIXED|MAP_DENYWRITE, 3, 0x2a000) = 0x7fe933151000
close(3)                                = 0
openat(AT_FDCWD, "/opt/cuda/lib64/libc.so.6", O_RDONLY|O_CLOEXEC) = -1 ENOENT (No such file or directory)
openat(AT_FDCWD, "/usr/lib/libc.so.6", O_RDONLY|O_CLOEXEC) = 3
read(3, "\177ELF\2\1\1\3\0\0\0\0\0\0\0\0\3\0>\0\1\0\0\0\0y\2\0\0\0\0\0"..., 832) = 832
pread64(3, "\6\0\0\0\4\0\0\0@\0\0\0\0\0\0\0@\0\0\0\0\0\0\0@\0\0\0\0\0\0\0"..., 840, 64) = 840
fstat(3, {st_mode=S_IFREG|0755, st_size=2010168, ...}) = 0
pread64(3, "\6\0\0\0\4\0\0\0@\0\0\0\0\0\0\0@\0\0\0\0\0\0\0@\0\0\0\0\0\0\0"..., 840, 64) = 840
mmap(NULL, 2034544, PROT_READ, MAP_PRIVATE|MAP_DENYWRITE, 3, 0) = 0x7fe932c0f000
mmap(0x7fe932c33000, 1511424, PROT_READ|PROT_EXEC, MAP_PRIVATE|MAP_FIXED|MAP_DENYWRITE, 3, 0x24000) = 0x7fe932c33000
mmap(0x7fe932da4000, 319488, PROT_READ, MAP_PRIVATE|MAP_FIXED|MAP_DENYWRITE, 3, 0x195000) = 0x7fe932da4000
mmap(0x7fe932df2000, 24576, PROT_READ|PROT_WRITE, MAP_PRIVATE|MAP_FIXED|MAP_DENYWRITE, 3, 0x1e2000) = 0x7fe932df2000
mmap(0x7fe932df8000, 31600, PROT_READ|PROT_WRITE, MAP_PRIVATE|MAP_FIXED|MAP_ANONYMOUS, -1, 0) = 0x7fe932df8000
close(3)                                = 0
mmap(NULL, 8192, PROT_READ|PROT_WRITE, MAP_PRIVATE|MAP_ANONYMOUS, -1, 0) = 0x7fe933124000
mmap(NULL, 40960, PROT_READ|PROT_WRITE, MAP_PRIVATE|MAP_ANONYMOUS, -1, 0) = 0x7fe93311a000
arch_prctl(ARCH_SET_FS, 0x7fe933121b40) = 0
set_tid_address(0x7fe933122168)         = 42635
set_robust_list(0x7fe933121e20, 24)     = 0
rseq(0x7fe93311a6a0, 0x20, 0, 0x53053053) = 0
mprotect(0x7fe932df2000, 16384, PROT_READ) = 0
mprotect(0x7fe933151000, 4096, PROT_READ) = 0
mprotect(0x7fe93326f000, 4096, PROT_READ) = 0
mmap(NULL, 8192, PROT_READ|PROT_WRITE, MAP_PRIVATE|MAP_ANONYMOUS, -1, 0) = 0x7fe933118000
mprotect(0x7fe93307e000, 69632, PROT_READ) = 0
mprotect(0x556ac1614000, 4096, PROT_READ) = 0
mprotect(0x7fe9332dc000, 8192, PROT_READ) = 0
prlimit64(0, RLIMIT_STACK, NULL, {rlim_cur=8192*1024, rlim_max=RLIM64_INFINITY}) = 0
getrandom("\x4f\xbf\x5c\xb4\x06\x57\xe9\x53", 8, GRND_NONBLOCK) = 8
munmap(0x7fe933273000, 173579)          = 0
futex(0x7fe9330906bc, FUTEX_WAKE_PRIVATE, 2147483647) = 0
brk(NULL)                               = 0x556adf74d000
brk(0x556adf780000)                     = 0x556adf780000
mmap(NULL, 10489856, PROT_READ|PROT_WRITE, MAP_PRIVATE|MAP_ANONYMOUS, -1, 0) = 0x7fe93220e000
madvise(0x7fe932400000, 8388608, MADV_HUGEPAGE) = 0
mmap(NULL, 119541760, PROT_READ|PROT_WRITE, MAP_PRIVATE|MAP_ANONYMOUS, -1, 0) = 0x7fe92b00d000
madvise(0x7fe92b200000, 117440512, MADV_HUGEPAGE) = 0
brk(0x556adf7a6000)                     = 0x556adf7a6000
brk(0x556adf7d0000)                     = 0x556adf7d0000
fstat(1, {st_mode=S_IFCHR|0600, st_rdev=makedev(0x88, 0x2), ...}) = 0
write(1, "Option: EvalFileSmall\n", 22) = 22
write(1, "Name: nn-baff1ede1f90.nnue\n", 27) = 27
write(1, "\n", 1)                       = 1
write(1, "Option: EvalFile\n", 17)      = 17
write(1, "Name: nn-b1a57edbea57.nnue\n", 27) = 27
write(1, "\n", 1)                       = 1
openat(AT_FDCWD, "cerebellum.bin", O_RDONLY) = 3
fstat(3, {st_mode=S_IFREG|0644, st_size=177973984, ...}) = 0
fstat(3, {st_mode=S_IFREG|0644, st_size=177973984, ...}) = 0
lseek(3, 177971200, SEEK_SET)           = 177971200
read(3, "\377\376\353\243\\\224`^\10\342\0\377\0\0\0\0\377\376\354\200\312\206:\364\t\255\0\377\0\0\0\0"..., 2784) = 2784
mmap(NULL, 177975296, PROT_READ|PROT_WRITE, MAP_PRIVATE|MAP_ANONYMOUS, -1, 0) = 0x7fe920652000
lseek(3, 0, SEEK_SET)                   = 0
read(3, "\0\0\0\0\0\0\0\0@PG@\n1.0\0\0\0\0\0\0\0\0\n2\n1\nnor"..., 177971200) = 177971200
read(3, "\377\376\353\243\\\224`^\10\342\0\377\0\0\0\0\377\376\354\200\312\206:\364\t\255\0\377\0\0\0\0"..., 4096) = 2784
close(3)                                = 0
mmap(NULL, 67112960, PROT_READ|PROT_WRITE, MAP_PRIVATE|MAP_ANONYMOUS, -1, 0) = 0x7fe91c651000
read(0, "s", 1)                         = 1
read(0, "e", 1)                         = 1
read(0, "t", 1)                         = 1
read(0, "o", 1)                         = 1
read(0, "p", 1)                         = 1
read(0, "t", 1)                         = 1
read(0, "i", 1)                         = 1
read(0, "o", 1)                         = 1
read(0, "n", 1)                         = 1
read(0, " ", 1)                         = 1
read(0, "n", 1)                         = 1
read(0, "a", 1)                         = 1
read(0, "m", 1)                         = 1
read(0, "e", 1)                         = 1
read(0, " ", 1)                         = 1
read(0, "O", 1)                         = 1
read(0, "w", 1)                         = 1
read(0, "n", 1)                         = 1
read(0, "B", 1)                         = 1
read(0, "o", 1)                         = 1
read(0, "o", 1)                         = 1
read(0, "k", 1)                         = 1
read(0, " ", 1)                         = 1
read(0, "v", 1)                         = 1
read(0, "a", 1)                         = 1
read(0, "l", 1)                         = 1
read(0, "u", 1)                         = 1
read(0, "e", 1)                         = 1
read(0, " ", 1)                         = 1
read(0, "f", 1)                         = 1
read(0, "a", 1)                         = 1
read(0, "l", 1)                         = 1
read(0, "s", 1)                         = 1
read(0, "e", 1)                         = 1
read(0, "\n", 1)                        = 1
read(0, "p", 1)                         = 1
read(0, "o", 1)                         = 1
read(0, "s", 1)                         = 1
read(0, "i", 1)                         = 1
read(0, "t", 1)                         = 1
read(0, "i", 1)                         = 1
read(0, "o", 1)                         = 1
read(0, "n", 1)                         = 1
read(0, " ", 1)                         = 1
read(0, "s", 1)                         = 1
read(0, "t", 1)                         = 1
read(0, "a", 1)                         = 1
read(0, "r", 1)                         = 1
read(0, "t", 1)                         = 1
read(0, "p", 1)                         = 1
read(0, "o", 1)                         = 1
read(0, "s", 1)                         = 1
read(0, "\n", 1)                        = 1
read(0, "g", 1)                         = 1
read(0, "o", 1)                         = 1
read(0, " ", 1)                         = 1
read(0, "d", 1)                         = 1
read(0, "e", 1)                         = 1
read(0, "p", 1)                         = 1
read(0, "t", 1)                         = 1
read(0, "h", 1)                         = 1
read(0, " ", 1)                         = 1
read(0, "7", 1)                         = 1
read(0, "\n", 1)                        = 1
pselect6(16, [0], NULL, NULL, {tv_sec=0, tv_nsec=0}, NULL) = 1 (in [0], left {tv_sec=0, tv_nsec=0})
read(0, "", 256)                        = 0
write(1, "(none)", 6)                   = 6
write(1, "\n", 1)                       = 1
read(0, "", 1)                          = 0
--- SIGTERM {si_signo=SIGTERM, si_code=SI_USER, si_pid=42708, si_uid=1000} ---
+++ killed by SIGTERM +++
